Archive member included because of file (symbol)

/home/vwii/devkitPro/devkitARM/bin/../lib/gcc/arm-none-eabi/4.7.1/be/libgcc.a(_udivsi3.o)
                              vsprintf.o (__aeabi_uidiv)
/home/vwii/devkitPro/devkitARM/bin/../lib/gcc/arm-none-eabi/4.7.1/be/libgcc.a(_divsi3.o)
                              vsprintf.o (__aeabi_idiv)
/home/vwii/devkitPro/devkitARM/bin/../lib/gcc/arm-none-eabi/4.7.1/be/libgcc.a(_dvmd_tls.o)
                              /home/vwii/devkitPro/devkitARM/bin/../lib/gcc/arm-none-eabi/4.7.1/be/libgcc.a(_udivsi3.o) (__aeabi_idiv0)

Allocating common symbols
Common symbol       size              file

__aeabi_unwind_cpp_pr0
                    0x0               ldhack.o
otp                 0x80              crypto.o
seeprom             0x100             crypto.o
sc_host             0x2c              sdhc.o
fatfs               0x230             main.o

Discarded input sections

 .text          0x0000000000000000        0x0 start.o
 .data          0x0000000000000000        0x0 start.o
 .bss           0x0000000000000000        0x0 start.o
 .text          0x0000000000000000        0x0 main.o
 .data          0x0000000000000000        0x0 main.o
 .bss           0x0000000000000000        0x0 main.o
 .text          0x0000000000000000        0x0 ipc.o
 .data          0x0000000000000000        0x0 ipc.o
 .text.ipc_flush
                0x0000000000000000       0x20 ipc.o
 .text          0x0000000000000000        0x0 vsprintf.o
 .data          0x0000000000000000        0x0 vsprintf.o
 .bss           0x0000000000000000        0x0 vsprintf.o
 .text          0x0000000000000000        0x0 string.o
 .data          0x0000000000000000        0x0 string.o
 .bss           0x0000000000000000        0x0 string.o
 .text.strlen   0x0000000000000000       0x20 string.o
 .text.strcmp   0x0000000000000000       0x30 string.o
 .text.strncmp  0x0000000000000000       0x50 string.o
 .text.strlcat  0x0000000000000000       0x34 string.o
 .text.strchr   0x0000000000000000       0x30 string.o
 .text.strspn   0x0000000000000000       0x48 string.o
 .text.strcspn  0x0000000000000000       0x3c string.o
 .text          0x0000000000000000        0x0 gecko.o
 .data          0x0000000000000000        0x0 gecko.o
 .text.gecko_enable_console
                0x0000000000000000       0x50 gecko.o
 .text          0x0000000000000000        0x0 memory.o
 .data          0x0000000000000000        0x0 memory.o
 .bss           0x0000000000000000        0x0 memory.o
 .text.ic_invalidateall
                0x0000000000000000       0x24 memory.o
 .text.mem_setswap
                0x0000000000000000       0x38 memory.o
 .data          0x0000000000000000        0x0 memory_asm.o
 .bss           0x0000000000000000        0x0 memory_asm.o
 .data          0x0000000000000000        0x0 utils_asm.o
 .bss           0x0000000000000000        0x0 utils_asm.o
 .text          0x0000000000000000        0x0 utils.o
 .data          0x0000000000000000        0x0 utils.o
 .bss           0x0000000000000000        0x0 utils.o
 .text.hexdump  0x0000000000000000       0xe0 utils.o
 .text.sprintf  0x0000000000000000       0x24 utils.o
 .text.flashSensor
                0x0000000000000000       0x48 utils.o
 .rodata.str1.1
                0x0000000000000000       0x18 utils.o
 .text          0x0000000000000000        0x0 ff.o
 .data          0x0000000000000000        0x0 ff.o
 .text.f_gets   0x0000000000000000       0x6c ff.o
 .text.f_printf
                0x0000000000000000      0x218 ff.o
 .text          0x0000000000000000        0x0 diskio.o
 .data          0x0000000000000000        0x0 diskio.o
 .bss           0x0000000000000000        0x0 diskio.o
 .text          0x0000000000000000        0x0 sdhc.o
 .data          0x0000000000000000        0x0 sdhc.o
 .bss           0x0000000000000000        0x0 sdhc.o
 .text.sdhc_card_intr_mask
                0x0000000000000000       0xa8 sdhc.o
 .text.sdhc_card_intr_ack
                0x0000000000000000       0x30 sdhc.o
 .text          0x0000000000000000        0x0 powerpc_elf.o
 .data          0x0000000000000000        0x0 powerpc_elf.o
 .bss           0x0000000000000000        0x0 powerpc_elf.o
 .text.makeRelativeBranch
                0x0000000000000000       0x18 powerpc_elf.o
 .text.makeAbsoluteBranch
                0x0000000000000000       0x14 powerpc_elf.o
 .text.powerpc_upload_stub_100
                0x0000000000000000       0x54 powerpc_elf.o
 .text.powerpc_upload_stub_1800_2
                0x0000000000000000       0x50 powerpc_elf.o
 .text.powerpc_upload_stub_1800
                0x0000000000000000      0x198 powerpc_elf.o
 .text          0x0000000000000000        0x0 powerpc.o
 .data          0x0000000000000000        0x0 powerpc.o
 .bss           0x0000000000000000        0x0 powerpc.o
 .text.powerpc_upload_stub
                0x0000000000000000      0x874 powerpc.o
 .text          0x0000000000000000        0x0 panic.o
 .data          0x0000000000000000        0x0 panic.o
 .bss           0x0000000000000000        0x0 panic.o
 .text          0x0000000000000000        0x0 irq.o
 .data          0x0000000000000000        0x0 irq.o
 .data          0x0000000000000000        0x0 irq_asm.o
 .bss           0x0000000000000000        0x0 irq_asm.o
 .text          0x0000000000000000        0x0 exception.o
 .bss           0x0000000000000000        0x0 exception.o
 .data          0x0000000000000000        0x0 exception_asm.o
 .bss           0x0000000000000000        0x0 exception_asm.o
 .text          0x0000000000000000        0x0 seeprom.o
 .data          0x0000000000000000        0x0 seeprom.o
 .bss           0x0000000000000000        0x0 seeprom.o
 .text          0x0000000000000000        0x0 crypto.o
 .data          0x0000000000000000        0x0 crypto.o
 .text.aes_irq  0x0000000000000000       0x14 crypto.o
 .text.aes_empty_iv
                0x0000000000000000       0x20 crypto.o
 .text          0x0000000000000000        0x0 nand.o
 .text.nand_send_command
                0x0000000000000000       0x3c nand.o
 .text.nand_wait
                0x0000000000000000       0x38 nand.o
 .text          0x0000000000000000        0x0 boot2.o
 .data          0x0000000000000000       0x18 boot2.o
 .bss           0x0000000000000000       0x20 boot2.o
 .text.read_to  0x0000000000000000       0xc8 boot2.o
 .text.boot2_load
                0x0000000000000000      0x49c boot2.o
 .text.boot2_init
                0x0000000000000000       0x68 boot2.o
 .text.boot2_run
                0x0000000000000000      0x168 boot2.o
 .text.boot2_ipc
                0x0000000000000000       0xa4 boot2.o
 .rodata.str1.1
                0x0000000000000000      0x3c3 boot2.o
 .bss.mem2      0x0000000000000000    0x80e00 boot2.o
 .comment       0x0000000000000000       0x23 boot2.o
 .ARM.attributes
                0x0000000000000000       0x34 boot2.o
 .text          0x0000000000000000        0x0 ldhack.o
 .data          0x0000000000000000        0x0 ldhack.o
 .bss           0x0000000000000000        0x0 ldhack.o
 .comment       0x0000000000000000       0x23 ldhack.o
 .ARM.attributes
                0x0000000000000000       0x34 ldhack.o
 COMMON         0x0000000000000000        0x0 ldhack.o
 .text          0x0000000000000000        0x0 sdmmc.o
 .data          0x0000000000000000        0x0 sdmmc.o
 .bss           0x0000000000000000        0x0 sdmmc.o
 .text.sdmmc_abort
                0x0000000000000000       0x50 sdmmc.o
 .data          0x0000000000000000        0x0 /home/vwii/devkitPro/devkitARM/bin/../lib/gcc/arm-none-eabi/4.7.1/be/libgcc.a(_udivsi3.o)
 .bss           0x0000000000000000        0x0 /home/vwii/devkitPro/devkitARM/bin/../lib/gcc/arm-none-eabi/4.7.1/be/libgcc.a(_udivsi3.o)
 .data          0x0000000000000000        0x0 /home/vwii/devkitPro/devkitARM/bin/../lib/gcc/arm-none-eabi/4.7.1/be/libgcc.a(_divsi3.o)
 .bss           0x0000000000000000        0x0 /home/vwii/devkitPro/devkitARM/bin/../lib/gcc/arm-none-eabi/4.7.1/be/libgcc.a(_divsi3.o)
 .data          0x0000000000000000        0x0 /home/vwii/devkitPro/devkitARM/bin/../lib/gcc/arm-none-eabi/4.7.1/be/libgcc.a(_dvmd_tls.o)
 .bss           0x0000000000000000        0x0 /home/vwii/devkitPro/devkitARM/bin/../lib/gcc/arm-none-eabi/4.7.1/be/libgcc.a(_dvmd_tls.o)

Memory Configuration

Name             Origin             Length             Attributes
sram             0x00000000ffff0000 0x0000000000010000
sram2            0x00000000fffe0000 0x0000000000004000
pagetable        0x00000000fffe4000 0x0000000000004000
mem2             0x0000000013f00000 0x0000000000100000
*default*        0x0000000000000000 0xffffffffffffffff

Linker script and memory map

                0x0000000000000800                __stack_size = 0x800
                0x0000000000000100                __irqstack_size = 0x100
                0x0000000000000100                __excstack_size = 0x100
                0x0000000013f00000                __mem2_area_start = ORIGIN (mem2)
                0x0000000000100000                __mem2_area_size = 0x100000
                0x0000000014000000                __mem2_area_end = (ORIGIN (mem2) + 0x100000)
                0x00000000fffe4000                __page_table = ORIGIN (pagetable)

.rodata.mem2    0x0000000013f00000       0x20
 *(.rodata.mem2)
 .rodata.mem2   0x0000000013f00000       0x20 ipc.o
                0x0000000013f00000                __ipc_info
                0x0000000013f00020                . = ALIGN (0x4)

.data.mem2      0x0000000013f00020        0x0
 *(.data.mem2)
                0x0000000013f00020                . = ALIGN (0x4)

.bss.mem2       0x0000000013f00080     0x12a4
                0x0000000013f00080                __bss2_start = .
 *(.bss.mem2)
 .bss.mem2      0x0000000013f00080      0x800 ipc.o
 .bss.mem2      0x0000000013f00880      0x200 diskio.o
 .bss.mem2      0x0000000013f00a80      0x880 nand.o
 .bss.mem2      0x0000000013f01300       0x24 sdmmc.o
                0x0000000013f01324                . = ALIGN (0x4)
                0x0000000013f01324                __bss2_end = .

.ipcinfo        0x0000000013fffffc        0x4
                0x0000000013fffffc        0x4 LONG 0x13f00000 __ipc_info

.init           0x00000000ffff0000      0x100
 *(.init)
 .init          0x00000000ffff0000      0x100 start.o
                0x00000000ffff0000                _start
                0x00000000ffff00e4                debug_output
                0x00000000ffff0100                . = ALIGN (0x4)

.text           0x00000000ffff0100     0x71f8
 *(.text*)
 .text._main    0x00000000ffff0100      0x228 main.o
                0x00000000ffff0100                _main
 .text.ipc_post
                0x00000000ffff0328      0x12c ipc.o
                0x00000000ffff0328                ipc_post
 .text.ipc_enqueue_slow
                0x00000000ffff0454       0xe0 ipc.o
                0x00000000ffff0454                ipc_enqueue_slow
 .text.ipc_irq  0x00000000ffff0534      0x3bc ipc.o
                0x00000000ffff0534                ipc_irq
 .text.ipc_initialize
                0x00000000ffff08f0       0x78 ipc.o
                0x00000000ffff08f0                ipc_initialize
 .text.ipc_shutdown
                0x00000000ffff0968       0x20 ipc.o
                0x00000000ffff0968                ipc_shutdown
 .text.ipc_process_slow
                0x00000000ffff0988      0x18c ipc.o
                0x00000000ffff0988                ipc_process_slow
 .text.fmtstr   0x00000000ffff0b14      0x124 vsprintf.o
 .text.fmtint   0x00000000ffff0c38      0x378 vsprintf.o
 .text.vsnprintf
                0x00000000ffff0fb0      0x5bc vsprintf.o
                0x00000000ffff0fb0                vsnprintf
 .text.vsprintf
                0x00000000ffff156c       0x14 vsprintf.o
                0x00000000ffff156c                vsprintf
 .text.strnlen  0x00000000ffff1580       0x28 string.o
                0x00000000ffff1580                strnlen
 .text.memset   0x00000000ffff15a8       0x1c string.o
                0x00000000ffff15a8                memset
 .text.memcpy   0x00000000ffff15c4       0x20 string.o
                0x00000000ffff15c4                memcpy
 .text.memcmp   0x00000000ffff15e4       0x38 string.o
                0x00000000ffff15e4                memcmp
 .text.strlcpy  0x00000000ffff161c       0x50 string.o
                0x00000000ffff161c                strlcpy
 .text._gecko_command
                0x00000000ffff166c       0x48 gecko.o
 .text._gecko_getid
                0x00000000ffff16b4       0x68 gecko.o
 .text._gecko_recvbyte
                0x00000000ffff171c       0x30 gecko.o
 .text._gecko_checkrecv
                0x00000000ffff174c       0x18 gecko.o
 .text.gecko_init
                0x00000000ffff1764       0xa4 gecko.o
                0x00000000ffff1764                gecko_init
 .text.gecko_enable
                0x00000000ffff1808       0x4c gecko.o
                0x00000000ffff1808                gecko_enable
 .text.gecko_printf
                0x00000000ffff1854       0xac gecko.o
                0x00000000ffff1854                gecko_printf
 .text.gecko_process
                0x00000000ffff1900      0x258 gecko.o
                0x00000000ffff1900                gecko_process
 .text._mc_read32
                0x00000000ffff1b58       0x68 memory.o
                0x00000000ffff1b58                _mc_read32
 .text._ahb_flush_to
                0x00000000ffff1bc0      0x314 memory.o
                0x00000000ffff1bc0                _ahb_flush_to
 .text.ahb_flush_to
                0x00000000ffff1ed4       0x34 memory.o
                0x00000000ffff1ed4                ahb_flush_to
 .text.ahb_flush_from
                0x00000000ffff1f08       0xe0 memory.o
                0x00000000ffff1f08                ahb_flush_from
 .text.dc_flushrange
                0x00000000ffff1fe8       0x64 memory.o
                0x00000000ffff1fe8                dc_flushrange
 .text.dc_invalidaterange
                0x00000000ffff204c       0x50 memory.o
                0x00000000ffff204c                dc_invalidaterange
 .text.dc_flushall
                0x00000000ffff209c       0x28 memory.o
                0x00000000ffff209c                dc_flushall
 .text.mem_protect
                0x00000000ffff20c4       0x3c memory.o
                0x00000000ffff20c4                mem_protect
 .text.dma_addr
                0x00000000ffff2100       0x48 memory.o
                0x00000000ffff2100                dma_addr
 .text.map_section
                0x00000000ffff2148       0x38 memory.o
                0x00000000ffff2148                map_section
 .text.mem_initialize
                0x00000000ffff2180      0x130 memory.o
                0x00000000ffff2180                mem_initialize
 .text.mem_shutdown
                0x00000000ffff22b0       0x3c memory.o
                0x00000000ffff22b0                mem_shutdown
 .text          0x00000000ffff22ec       0x64 memory_asm.o
                0x00000000ffff22ec                _dc_inval_entries
                0x00000000ffff2300                _dc_flush_entries
                0x00000000ffff2314                _dc_flush
                0x00000000ffff2320                _dc_inval
                0x00000000ffff232c                _ic_inval
                0x00000000ffff2338                _drain_write_buffer
                0x00000000ffff2344                _tlb_inval
 .text          0x00000000ffff2350       0x9c utils_asm.o
                0x00000000ffff2350                memcpy32
                0x00000000ffff236c                memset32
                0x00000000ffff2384                memcpy16
                0x00000000ffff23a0                memset16
                0x00000000ffff23b8                memcpy8
                0x00000000ffff23d4                memset8
 .text.udelay   0x00000000ffff23ec       0x58 utils.o
                0x00000000ffff23ec                udelay
 .text.panic    0x00000000ffff2444       0x54 utils.o
                0x00000000ffff2444                panic
 .text.sensorPrep
                0x00000000ffff2498       0x3c utils.o
                0x00000000ffff2498                sensorPrep
 .text.mem_cpy  0x00000000ffff24d4       0x20 ff.o
 .text.mem_cmp  0x00000000ffff24f4       0x34 ff.o
 .text.clust2sect
                0x00000000ffff2528       0x24 ff.o
 .text.move_window
                0x00000000ffff254c       0xd4 ff.o
 .text.validate
                0x00000000ffff2620       0x40 ff.o
 .text.put_cluster
                0x00000000ffff2660      0x168 ff.o
 .text.get_cluster
                0x00000000ffff27c8      0x130 ff.o
 .text.create_chain
                0x00000000ffff28f8      0x108 ff.o
 .text.check_fs
                0x00000000ffff2a00       0x98 ff.o
 .text.dir_seek.constprop.4
                0x00000000ffff2a98       0xb8 ff.o
 .text.dir_next
                0x00000000ffff2b50      0x1b0 ff.o
 .text.f_mount  0x00000000ffff2d00       0x3c ff.o
                0x00000000ffff2d00                f_mount
 .text.f_open   0x00000000ffff2d3c      0x96c ff.o
                0x00000000ffff2d3c                f_open
 .text.f_read   0x00000000ffff36a8      0x1dc ff.o
                0x00000000ffff36a8                f_read
 .text.f_write  0x00000000ffff3884      0x2bc ff.o
                0x00000000ffff3884                f_write
 .text.f_sync   0x00000000ffff3b40      0x1a8 ff.o
                0x00000000ffff3b40                f_sync
 .text.f_close  0x00000000ffff3ce8       0x18 ff.o
                0x00000000ffff3ce8                f_close
 .text.f_lseek  0x00000000ffff3d00      0x208 ff.o
                0x00000000ffff3d00                f_lseek
 .text.f_putc   0x00000000ffff3f08       0x38 ff.o
                0x00000000ffff3f08                f_putc
 .text.f_puts   0x00000000ffff3f40       0x44 ff.o
                0x00000000ffff3f40                f_puts
 .text.disk_status
                0x00000000ffff3f84       0x18 diskio.o
                0x00000000ffff3f84                disk_status
 .text.disk_initialize
                0x00000000ffff3f9c       0x24 diskio.o
                0x00000000ffff3f9c                disk_initialize
 .text.disk_read
                0x00000000ffff3fc0       0x60 diskio.o
                0x00000000ffff3fc0                disk_read
 .text.disk_write
                0x00000000ffff4020       0x60 diskio.o
                0x00000000ffff4020                disk_write
 .text.disk_ioctl
                0x00000000ffff4080       0x10 diskio.o
                0x00000000ffff4080                disk_ioctl
 .text.bus_space_read_2
                0x00000000ffff4090       0x28 sdhc.o
 .text.bus_space_write_2
                0x00000000ffff40b8       0x34 sdhc.o
 .text.sdhc_card_detect
                0x00000000ffff40ec       0x18 sdhc.o
                0x00000000ffff40ec                sdhc_card_detect
 .text.sdhc_bus_clock
                0x00000000ffff4104      0x130 sdhc.o
                0x00000000ffff4104                sdhc_bus_clock
 .text.sdhc_wait_state
                0x00000000ffff4234       0x50 sdhc.o
                0x00000000ffff4234                sdhc_wait_state
 .text.sdhc_start_command
                0x00000000ffff4284      0x1c0 sdhc.o
                0x00000000ffff4284                sdhc_start_command
 .text.sdhc_soft_reset
                0x00000000ffff4444       0xa0 sdhc.o
                0x00000000ffff4444                sdhc_soft_reset
 .text.sdhc_host_reset
                0x00000000ffff44e4       0x9c sdhc.o
                0x00000000ffff44e4                sdhc_host_reset
 .text.sdhc_bus_power
                0x00000000ffff4580       0xa8 sdhc.o
                0x00000000ffff4580                sdhc_bus_power
 .text.sdhc_shutdown
                0x00000000ffff4628        0xc sdhc.o
                0x00000000ffff4628                sdhc_shutdown
 .text.sdhc_host_found
                0x00000000ffff4634       0xe8 sdhc.o
                0x00000000ffff4634                sdhc_host_found
 .text.sdhc_wait_intr_debug
                0x00000000ffff471c       0x9c sdhc.o
                0x00000000ffff471c                sdhc_wait_intr_debug
 .text.sdhc_transfer_data
                0x00000000ffff47b8       0xbc sdhc.o
                0x00000000ffff47b8                sdhc_transfer_data
 .text.sdhc_exec_command
                0x00000000ffff4874      0x164 sdhc.o
                0x00000000ffff4874                sdhc_exec_command
 .text.sdhc_intr
                0x00000000ffff49d8      0x140 sdhc.o
                0x00000000ffff49d8                sdhc_intr
 .text.sdhc_irq
                0x00000000ffff4b18        0x4 sdhc.o
                0x00000000ffff4b18                sdhc_irq
 .text.sdhc_init
                0x00000000ffff4b1c       0x24 sdhc.o
                0x00000000ffff4b1c                sdhc_init
 .text.sdhc_exit
                0x00000000ffff4b40       0x14 sdhc.o
                0x00000000ffff4b40                sdhc_exit
 .text.sdhc_ipc
                0x00000000ffff4b54       0x40 sdhc.o
                0x00000000ffff4b54                sdhc_ipc
 .text.virtualToPhysical
                0x00000000ffff4b94       0x20 powerpc_elf.o
                0x00000000ffff4b94                virtualToPhysical
 .text.powerpc_load_dol
                0x00000000ffff4bb4      0x1d4 powerpc_elf.o
                0x00000000ffff4bb4                powerpc_load_dol
 .text.powerpc_boot_file
                0x00000000ffff4d88      0x254 powerpc_elf.o
                0x00000000ffff4d88                powerpc_boot_file
 .text.powerpc_boot_mem
                0x00000000ffff4fdc      0x1f0 powerpc_elf.o
                0x00000000ffff4fdc                powerpc_boot_mem
 .text.powerpc_hang
                0x00000000ffff51cc       0x54 powerpc.o
                0x00000000ffff51cc                powerpc_hang
 .text.powerpc_reset
                0x00000000ffff5220       0x98 powerpc.o
                0x00000000ffff5220                powerpc_reset
 .text.powerpc_ipc
                0x00000000ffff52b8       0xd0 powerpc.o
                0x00000000ffff52b8                powerpc_ipc
 .text.panic2   0x00000000ffff5388       0xb0 panic.o
                0x00000000ffff5388                panic2
 .text.irq_initialize
                0x00000000ffff5438       0x50 irq.o
                0x00000000ffff5438                irq_initialize
 .text.irq_shutdown
                0x00000000ffff5488       0x20 irq.o
                0x00000000ffff5488                irq_shutdown
 .text.irq_handler
                0x00000000ffff54a8      0x15c irq.o
                0x00000000ffff54a8                irq_handler
 .text.irq_enable
                0x00000000ffff5604       0x20 irq.o
                0x00000000ffff5604                irq_enable
 .text.irq_disable
                0x00000000ffff5624       0x20 irq.o
                0x00000000ffff5624                irq_disable
 .text.irq_set_alarm
                0x00000000ffff5644       0x40 irq.o
                0x00000000ffff5644                irq_set_alarm
 .text          0x00000000ffff5684       0x50 irq_asm.o
                0x00000000ffff5684                irq_setup_stack
                0x00000000ffff5698                v_irq
                0x00000000ffff56a8                irq_kill
                0x00000000ffff56bc                irq_restore
 .text.exception_initialize
                0x00000000ffff56d4       0x18 exception.o
                0x00000000ffff56d4                exception_initialize
 .text.exc_handler
                0x00000000ffff56ec      0x274 exception.o
                0x00000000ffff56ec                exc_handler
 .text          0x00000000ffff5960      0x138 exception_asm.o
                0x00000000ffff5960                exc_setup_stack
                0x00000000ffff5990                v_undf
                0x00000000ffff59bc                v_swi
                0x00000000ffff59e8                v_instr_abrt
                0x00000000ffff5a14                v_data_abrt
                0x00000000ffff5a40                v_reserved
                0x00000000ffff5a6c                v_fiq
 .text.send_bits
                0x00000000ffff5a98       0x88 seeprom.o
                0x00000000ffff5a98                send_bits
 .text.recv_bits
                0x00000000ffff5b20       0x6c seeprom.o
                0x00000000ffff5b20                recv_bits
 .text.seeprom_read
                0x00000000ffff5b8c       0xa8 seeprom.o
                0x00000000ffff5b8c                seeprom_read
 .text.crypto_read_otp
                0x00000000ffff5c34       0x3c crypto.o
                0x00000000ffff5c34                crypto_read_otp
 .text.crypto_read_seeprom
                0x00000000ffff5c70       0x14 crypto.o
                0x00000000ffff5c70                crypto_read_seeprom
 .text.crypto_initialize
                0x00000000ffff5c84       0x34 crypto.o
                0x00000000ffff5c84                crypto_initialize
 .text.crypto_ipc
                0x00000000ffff5cb8       0x88 crypto.o
                0x00000000ffff5cb8                crypto_ipc
 .text.aes_reset
                0x00000000ffff5d40       0x20 crypto.o
                0x00000000ffff5d40                aes_reset
 .text.aes_set_iv
                0x00000000ffff5d60       0x24 crypto.o
                0x00000000ffff5d60                aes_set_iv
 .text.aes_set_key
                0x00000000ffff5d84       0x24 crypto.o
                0x00000000ffff5d84                aes_set_key
 .text.aes_decrypt
                0x00000000ffff5da8       0xf4 crypto.o
                0x00000000ffff5da8                aes_decrypt
 .text.aes_ipc  0x00000000ffff5e9c       0x88 crypto.o
                0x00000000ffff5e9c                aes_ipc
 .text.__nand_wait
                0x00000000ffff5f24       0x48 nand.o
                0x00000000ffff5f24                __nand_wait
 .text.__nand_set_address
                0x00000000ffff5f6c       0x2c nand.o
                0x00000000ffff5f6c                __nand_set_address
 .text.__nand_setup_dma
                0x00000000ffff5f98       0x5c nand.o
                0x00000000ffff5f98                __nand_setup_dma
 .text.nand_reset
                0x00000000ffff5ff4       0x50 nand.o
                0x00000000ffff5ff4                nand_reset
 .text.nand_get_id
                0x00000000ffff6044       0x68 nand.o
                0x00000000ffff6044                nand_get_id
 .text.nand_get_status
                0x00000000ffff60ac       0x58 nand.o
                0x00000000ffff60ac                nand_get_status
 .text.nand_read_page
                0x00000000ffff6104       0xa8 nand.o
                0x00000000ffff6104                nand_read_page
 .text.nand_write_page
                0x00000000ffff61ac       0xe4 nand.o
                0x00000000ffff61ac                nand_write_page
 .text.nand_erase_block
                0x00000000ffff6290       0x94 nand.o
                0x00000000ffff6290                nand_erase_block
 .text.nand_initialize
                0x00000000ffff6324       0x24 nand.o
                0x00000000ffff6324                nand_initialize
 .text.nand_correct
                0x00000000ffff6348       0xe4 nand.o
                0x00000000ffff6348                nand_correct
 .text.nand_irq
                0x00000000ffff642c      0x138 nand.o
                0x00000000ffff642c                nand_irq
 .text.nand_ipc
                0x00000000ffff6564      0x1ec nand.o
                0x00000000ffff6564                nand_ipc
 .text.sdmmc_select
                0x00000000ffff6750       0x94 sdmmc.o
                0x00000000ffff6750                sdmmc_select
 .text.sdmmc_needs_discover
                0x00000000ffff67e4      0x51c sdmmc.o
                0x00000000ffff67e4                sdmmc_needs_discover
 .text.sdmmc_attach
                0x00000000ffff6d00       0x44 sdmmc.o
                0x00000000ffff6d00                sdmmc_attach
 .text.sdmmc_check_card
                0x00000000ffff6d44       0x30 sdmmc.o
                0x00000000ffff6d44                sdmmc_check_card
 .text.sdmmc_ack_card
                0x00000000ffff6d74       0x20 sdmmc.o
                0x00000000ffff6d74                sdmmc_ack_card
 .text.sdmmc_read
                0x00000000ffff6d94       0xf4 sdmmc.o
                0x00000000ffff6d94                sdmmc_read
 .text.sdmmc_write
                0x00000000ffff6e88       0xf4 sdmmc.o
                0x00000000ffff6e88                sdmmc_write
 .text.sdmmc_get_sectors
                0x00000000ffff6f7c       0x48 sdmmc.o
                0x00000000ffff6f7c                sdmmc_get_sectors
 .text.sdmmc_ipc
                0x00000000ffff6fc4       0xd4 sdmmc.o
                0x00000000ffff6fc4                sdmmc_ipc
 .text          0x00000000ffff7098      0x114 /home/vwii/devkitPro/devkitARM/bin/../lib/gcc/arm-none-eabi/4.7.1/be/libgcc.a(_udivsi3.o)
                0x00000000ffff7098                __udivsi3
                0x00000000ffff7098                __aeabi_uidiv
                0x00000000ffff718c                __aeabi_uidivmod
 .text          0x00000000ffff71ac      0x148 /home/vwii/devkitPro/devkitARM/bin/../lib/gcc/arm-none-eabi/4.7.1/be/libgcc.a(_divsi3.o)
                0x00000000ffff71ac                __aeabi_idiv
                0x00000000ffff71ac                __divsi3
                0x00000000ffff72d4                __aeabi_idivmod
 .text          0x00000000ffff72f4        0x4 /home/vwii/devkitPro/devkitARM/bin/../lib/gcc/arm-none-eabi/4.7.1/be/libgcc.a(_dvmd_tls.o)
                0x00000000ffff72f4                __aeabi_ldiv0
                0x00000000ffff72f4                __aeabi_idiv0
 *(.text.*)
 *(.gnu.warning)
 *(.gnu.linkonce.t*)
 *(.glue_7)
 .glue_7        0x0000000000000000        0x0 linker stubs
 *(.glue_7t)
 .glue_7t       0x0000000000000000        0x0 linker stubs
                0x00000000ffff72f8                . = ALIGN (0x4)

.vfp11_veneer   0x00000000ffff72f8        0x0
 .vfp11_veneer  0x0000000000000000        0x0 linker stubs

.v4_bx          0x00000000ffff72f8        0x0
 .v4_bx         0x0000000000000000        0x0 linker stubs

.iplt           0x00000000ffff72f8        0x0
 .iplt          0x0000000000000000        0x0 start.o

.rodata         0x00000000fffe0000     0x1120
 *(.rodata)
 .rodata        0x00000000fffe0000       0x34 sdhc.o
 .rodata        0x00000000fffe0034        0xa powerpc_elf.o
 *fill*         0x00000000fffe003e        0x2 00
 .rodata        0x00000000fffe0040       0x70 sdmmc.o
 *all.rodata*(*)
 *(.roda)
 *(.rodata.*)
 .rodata.str1.1
                0x00000000fffe00b0      0x23e main.o
 .rodata.str1.1
                0x00000000fffe02ee      0x103 ipc.o
 .rodata.str1.1
                0x00000000fffe03f1       0x2f vsprintf.o
 .rodata.str1.1
                0x00000000fffe0420       0x35 gecko.o
 .rodata.str1.1
                0x00000000fffe0455       0xe9 memory.o
 .rodata.str1.1
                0x00000000fffe053e       0x1a ff.o
 .rodata.str1.1
                0x00000000fffe0558      0x184 sdhc.o
 .rodata.str1.1
                0x00000000fffe06dc      0x277 powerpc_elf.o
 .rodata.str1.1
                0x00000000fffe0953       0x64 powerpc.o
 .rodata.str1.1
                0x00000000fffe09b7       0x15 irq.o
 .rodata.str1.1
                0x00000000fffe09cc      0x240 exception.o
 .rodata.str1.1
                0x00000000fffe0c0c       0x4b crypto.o
 .rodata.str1.1
                0x00000000fffe0c57      0x1cb nand.o
 .rodata.str1.1
                0x00000000fffe0e22      0x2fd sdmmc.o
                                        0x2ff (size before relaxing)
 *(.gnu.linkonce.r*)
                0x00000000fffe1120                . = ALIGN (0x4)
 *fill*         0x00000000fffe111f        0x1 00

.rel.dyn        0x00000000fffe1120        0x0
 .rel.iplt      0x0000000000000000        0x0 start.o

.data           0x00000000fffe1120       0x78
 *(.data)
 .data          0x00000000fffe1120       0x74 exception.o
                0x00000000fffe1120                exceptions
                0x00000000fffe1144                aborts
                0x00000000fffe1184                domvalid
 .data          0x00000000fffe1194        0x4 nand.o
 *(.data.*)
 *(.gnu.linkonce.d*)
                0x00000000fffe1198                . = ALIGN (0x4)

.igot.plt       0x00000000fffe1198        0x0
 .igot.plt      0x0000000000000000        0x0 start.o

.bss            0x00000000fffe1198     0x1460
                0x00000000fffe1198                __bss_start = .
 *(.dynbss)
 *(.gnu.linkonce.b*)
 *(.bss*)
 .bss           0x00000000fffe1198     0x100c ipc.o
 .bss           0x00000000fffe21a4       0x40 gecko.o
 .bss           0x00000000fffe21e4        0x8 ff.o
 .bss           0x00000000fffe21ec        0x4 irq.o
 .bss           0x00000000fffe21f0        0x4 crypto.o
 .bss           0x00000000fffe21f4       0x28 nand.o
 *(COMMON)
 COMMON         0x00000000fffe221c      0x230 main.o
                0x00000000fffe221c                fatfs
 COMMON         0x00000000fffe244c       0x2c sdhc.o
                0x00000000fffe244c                sc_host
 COMMON         0x00000000fffe2478      0x180 crypto.o
                0x00000000fffe2478                otp
                0x00000000fffe24f8                seeprom
                0x00000000fffe25f8                . = ALIGN (0x4)
                0x00000000fffe25f8                __bss_end = .

.stack          0x00000000fffe25f8      0xa08
                0x00000000fffe2600                . = ALIGN (0x10)
 *fill*         0x00000000fffe25f8        0x8 00
                0x00000000fffe2600                __stack_end = .
                0x00000000fffe2e00                . = (. + __stack_size)
 *fill*         0x00000000fffe2600      0x800 00
                0x00000000fffe2e00                . = ALIGN (0x10)
                0x00000000fffe2e00                __stack_addr = .
                0x00000000fffe2e00                __irqstack_end = .
                0x00000000fffe2f00                . = (. + __irqstack_size)
 *fill*         0x00000000fffe2e00      0x100 00
                0x00000000fffe2f00                . = ALIGN (0x10)
                0x00000000fffe2f00                __irqstack_addr = .
                0x00000000fffe2f00                __excstack_end = .
                0x00000000fffe3000                . = (. + __excstack_size)
 *fill*         0x00000000fffe2f00      0x100 00
                0x00000000fffe3000                . = ALIGN (0x10)
                0x00000000fffe3000                __excstack_addr = .

/DISCARD/
 *(.ARM.exidx*)
 *(.ARM.extab*)
LOAD start.o
LOAD main.o
LOAD ipc.o
LOAD vsprintf.o
LOAD string.o
LOAD gecko.o
LOAD memory.o
LOAD memory_asm.o
LOAD utils_asm.o
LOAD utils.o
LOAD ff.o
LOAD diskio.o
LOAD sdhc.o
LOAD powerpc_elf.o
LOAD powerpc.o
LOAD panic.o
LOAD irq.o
LOAD irq_asm.o
LOAD exception.o
LOAD exception_asm.o
LOAD seeprom.o
LOAD crypto.o
LOAD nand.o
LOAD boot2.o
LOAD ldhack.o
LOAD sdmmc.o
LOAD /home/vwii/devkitPro/devkitARM/bin/../lib/gcc/arm-none-eabi/4.7.1/be/libgcc.a
OUTPUT(target/armboot-sym.elf elf32-bigarm)

.ARM.attributes
                0x0000000000000000       0x30
 .ARM.attributes
                0x0000000000000000       0x24 start.o
 .ARM.attributes
                0x0000000000000024       0x34 main.o
 .ARM.attributes
                0x0000000000000058       0x34 ipc.o
 .ARM.attributes
                0x000000000000008c       0x34 vsprintf.o
 .ARM.attributes
                0x00000000000000c0       0x34 string.o
 .ARM.attributes
                0x00000000000000f4       0x34 gecko.o
 .ARM.attributes
                0x0000000000000128       0x34 memory.o
 .ARM.attributes
                0x000000000000015c       0x24 memory_asm.o
 .ARM.attributes
                0x0000000000000180       0x24 utils_asm.o
 .ARM.attributes
                0x00000000000001a4       0x34 utils.o
 .ARM.attributes
                0x00000000000001d8       0x34 ff.o
 .ARM.attributes
                0x000000000000020c       0x34 diskio.o
 .ARM.attributes
                0x0000000000000240       0x34 sdhc.o
 .ARM.attributes
                0x0000000000000274       0x34 powerpc_elf.o
 .ARM.attributes
                0x00000000000002a8       0x34 powerpc.o
 .ARM.attributes
                0x00000000000002dc       0x34 panic.o
 .ARM.attributes
                0x0000000000000310       0x34 irq.o
 .ARM.attributes
                0x0000000000000344       0x24 irq_asm.o
 .ARM.attributes
                0x0000000000000368       0x34 exception.o
 .ARM.attributes
                0x000000000000039c       0x24 exception_asm.o
 .ARM.attributes
                0x00000000000003c0       0x34 seeprom.o
 .ARM.attributes
                0x00000000000003f4       0x34 crypto.o
 .ARM.attributes
                0x0000000000000428       0x34 nand.o
 .ARM.attributes
                0x000000000000045c       0x34 sdmmc.o
 .ARM.attributes
                0x0000000000000490       0x1a /home/vwii/devkitPro/devkitARM/bin/../lib/gcc/arm-none-eabi/4.7.1/be/libgcc.a(_udivsi3.o)
 .ARM.attributes
                0x00000000000004aa       0x1a /home/vwii/devkitPro/devkitARM/bin/../lib/gcc/arm-none-eabi/4.7.1/be/libgcc.a(_divsi3.o)
 .ARM.attributes
                0x00000000000004c4       0x18 /home/vwii/devkitPro/devkitARM/bin/../lib/gcc/arm-none-eabi/4.7.1/be/libgcc.a(_dvmd_tls.o)

.comment        0x0000000000000000       0x22
 .comment       0x0000000000000000       0x22 main.o
                                         0x23 (size before relaxing)
 .comment       0x0000000000000000       0x23 ipc.o
 .comment       0x0000000000000000       0x23 vsprintf.o
 .comment       0x0000000000000000       0x23 string.o
 .comment       0x0000000000000000       0x23 gecko.o
 .comment       0x0000000000000000       0x23 memory.o
 .comment       0x0000000000000000       0x23 utils.o
 .comment       0x0000000000000000       0x23 ff.o
 .comment       0x0000000000000000       0x23 diskio.o
 .comment       0x0000000000000000       0x23 sdhc.o
 .comment       0x0000000000000000       0x23 powerpc_elf.o
 .comment       0x0000000000000000       0x23 powerpc.o
 .comment       0x0000000000000000       0x23 panic.o
 .comment       0x0000000000000000       0x23 irq.o
 .comment       0x0000000000000000       0x23 exception.o
 .comment       0x0000000000000000       0x23 seeprom.o
 .comment       0x0000000000000000       0x23 crypto.o
 .comment       0x0000000000000000       0x23 nand.o
 .comment       0x0000000000000000       0x23 sdmmc.o
